../Core/Src/banana.c:13:13:fb_clear	8	static
../Core/Src/banana.c:15:13:fb_px	16	static
../Core/Src/banana.c:21:13:fb_line	48	static
../Core/Src/banana.c:35:13:fb_circle	40	static
../Core/Src/banana.c:49:13:fb_str	40	static
../Core/Src/banana.c:60:13:fb_flush	160	static
../Core/Src/banana.c:73:13:buzz	24	static
../Core/Src/banana.c:114:17:rnd16	16	static
../Core/Src/banana.c:156:13:draw_ship	16	static
../Core/Src/banana.c:186:13:draw_bullet	16	static
../Core/Src/banana.c:191:13:draw_asteroid	32	static
../Core/Src/banana.c:199:13:draw_stars	16	static
../Core/Src/banana.c:205:13:draw_score	16	static
../Core/Src/banana.c:223:6:DANCE_Run	112	static
