../Core/Src/main.c:95:5:main	224	static
../Core/Src/main.c:194:6:SystemClock_Config	88	static
../Core/Src/main.c:235:13:MX_I2C2_Init	8	static
../Core/Src/main.c:283:13:MX_TIM3_Init	48	static
../Core/Src/main.c:332:13:MX_GPIO_Init	48	static
../Core/Src/main.c:381:6:I2C_Scan	16	static
../Core/Src/main.c:411:6:Buzzer_Off	8	static
../Core/Src/main.c:416:6:Buzzer_Tone	24	static
../Core/Src/main.c:433:6:Play_Song1	16	static
../Core/Src/main.c:454:6:Play_Song2	16	static
../Core/Src/main.c:467:6:Play_Song3	16	static
../Core/Src/main.c:489:6:Error_Handler	8	static,ignoring_inline_asm
